<html>
<body>
<pre>
<h1>µVision Build Log</h1>
<h2>Tool Versions:</h2>
IDE-Version: µVision V5.31.0.0
Copyright (C) 2020 ARM Ltd and ARM Germany GmbH. All rights reserved.
License Information: Victor Gil, OKIO-Tek, LIC=----
 
Tool Versions:
Toolchain:       MDK-Lite  Version: 5.31.0.0
Toolchain Path:  C:\Keil_v5\ARM\ARMCC\Bin
C Compiler:      Armcc.exe V5.06 update 6 (build 750)
Assembler:       Armasm.exe V5.06 update 6 (build 750)
Linker/Locator:  ArmLink.exe V5.06 update 6 (build 750)
Library Manager: ArmAr.exe V5.06 update 6 (build 750)
Hex Converter:   FromElf.exe V5.06 update 6 (build 750)
CPU DLL:         SARMCM3.DLL V5.31.0.0
Dialog DLL:      DCM.DLL V1.17.3.0
Target DLL:      STLink\ST-LINKIII-KEIL_SWO.dll V3.0.7.0
Dialog DLL:      TCM.DLL V1.46.0.0
 
<h2>Project:</h2>
C:\Users\VictorGil\Downloads\Libro Programacion_STM32\17-3-Ejemplo_35-OLED_128x64_4pines\35-OLED_128x64_i2c\MDK-ARM\ssd1306.uvprojx
Project File Date:  10/17/2022

<h2>Output:</h2>
*** Using Compiler 'V5.06 update 6 (build 750)', folder: 'C:\Keil_v5\ARM\ARMCC\Bin'
Rebuild target 'ssd1306'
assembling startup_stm32f103xb.s...
compiling stm32f1xx_hal_msp.c...
compiling stm32f1xx_hal_cortex.c...
compiling fonts.c...
compiling stm32f1xx_it.c...
compiling main.c...
../Src/main.c(31): warning:  #188-D: enumerated type mixed with another type
  	SSD1306_Puts("OLED test", &Font_7x10, 1);
../Src/main.c(33): warning:  #188-D: enumerated type mixed with another type
  	SSD1306_Puts("Prueba OLED", &Font_7x10, 1);
../Src/main.c(37): warning:  #188-D: enumerated type mixed with another type
  	SSD1306_Fill(0);        //clear oled
../Src/main.c(42): warning:  #188-D: enumerated type mixed with another type
  		SSD1306_DrawLine(0, y1, 128, y2, 1);
../Src/main.c(49): warning:  #188-D: enumerated type mixed with another type
  	SSD1306_Fill(1); //clear oled
../Src/main.c(51): warning:  #188-D: enumerated type mixed with another type
  	SSD1306_DrawCircle(64, 32, 25, 0);
../Src/main.c(53): warning:  #188-D: enumerated type mixed with another type
  	SSD1306_DrawCircle(128, 32, 25, 0);
../Src/main.c(55): warning:  #188-D: enumerated type mixed with another type
  	SSD1306_DrawCircle(0, 32, 25, 0);
../Src/main.c(57): warning:  #188-D: enumerated type mixed with another type
  	SSD1306_DrawCircle(32, 32, 25, 0);
../Src/main.c(59): warning:  #188-D: enumerated type mixed with another type
  	SSD1306_DrawCircle(96, 32, 25, 0);
../Src/main.c(63): warning:  #188-D: enumerated type mixed with another type
  	SSD1306_Fill(0); //clear oled
../Src/main.c(72): warning:  #188-D: enumerated type mixed with another type
  		SSD1306_Puts(buf, &Font_7x10, 1);
../Src/main.c(73): warning:  #188-D: enumerated type mixed with another type
  		SSD1306_DrawLine(64, 10, (i+100)*128/200, (i+100)*64/200, 1);
../Src/main.c(75): warning:  #188-D: enumerated type mixed with another type
  		SSD1306_Fill(0); //clear oled
../Src/main.c(80): warning:  #188-D: enumerated type mixed with another type
  	SSD1306_Puts(buf, &Font_7x10, 1);	
../Src/main.c(82): warning:  #188-D: enumerated type mixed with another type
  	SSD1306_Puts ("HELLO", &Font_11x18, 1);
../Src/main.c(84): warning:  #188-D: enumerated type mixed with another type
  	SSD1306_Puts ("WORLD !!", &Font_11x18, 1);
../Src/main.c(87): warning:  #188-D: enumerated type mixed with another type
  	SSD1306_Fill(0); //clear oled
../Src/main.c(98): warning:  #188-D: enumerated type mixed with another type
  		SSD1306_Puts(buf, &Font_7x10, 1);
../Src/main.c(100): warning:  #188-D: enumerated type mixed with another type
  		SSD1306_Puts("Prueba OLED", &Font_7x10, 1);
../Src/main.c(102): warning:  #188-D: enumerated type mixed with another type
  		SSD1306_Fill(0); //clear oled
../Src/main.c: 21 warnings, 0 errors
compiling i2c.c...
compiling ssd1306.c...
..\Src\ssd1306.c(44): warning:  #1295-D: Deprecated declaration ssd1306_I2C_Init - give arg types
  void ssd1306_I2C_Init();
..\Src\ssd1306.c: 1 warning, 0 errors
compiling stm32f1xx_hal_rtc_ex.c...
compiling stm32f1xx_hal_tim_ex.c...
compiling stm32f1xx_hal.c...
compiling stm32f1xx_hal_flash_ex.c...
compiling stm32f1xx_hal_gpio.c...
compiling stm32f1xx_hal_uart.c...
compiling stm32f1xx_hal_rcc.c...
compiling stm32f1xx_hal_rtc.c...
compiling stm32f1xx_hal_rcc_ex.c...
compiling stm32f1xx_hal_tim.c...
compiling stm32f1xx_hal_pwr.c...
compiling stm32f1xx_hal_flash.c...
compiling stm32f1xx_hal_dma.c...
compiling stm32f1xx_hal_i2c.c...
compiling system_stm32f1xx.c...
linking...
Program Size: Code=8624 RO-data=5604 RW-data=44 ZI-data=2620  
FromELF: creating hex file...
"ssd1306\ssd1306.axf" - 0 Error(s), 22 Warning(s).

<h2>Software Packages used:</h2>

Package Vendor: ARM
                http://www.keil.com/pack/ARM.CMSIS.5.7.0.pack
                ARM.CMSIS.5.7.0
                CMSIS (Cortex Microcontroller Software Interface Standard)
   * Component: CORE Version: 5.4.0

Package Vendor: Keil
                http://www.keil.com/pack/Keil.STM32F1xx_DFP.2.3.0.pack
                Keil.STM32F1xx_DFP.2.3.0
                STMicroelectronics STM32F1 Series Device Support, Drivers and Examples

<h2>Collection of Component include folders:</h2>
  .\RTE\_ssd1306
  C:\Users\VictorGil\AppData\Local\Arm\Packs\ARM\CMSIS\5.7.0\CMSIS\Core\Include
  C:\Users\VictorGil\AppData\Local\Arm\Packs\Keil\STM32F1xx_DFP\2.3.0\Device\Include

<h2>Collection of Component Files used:</h2>

   * Component: ARM::CMSIS:CORE:5.4.0
Build Time Elapsed:  00:00:05
</pre>
</body>
</html>
